---
source: tests/snapshot_overview.rs
expression: "render_fixture(\"terminated\")"
---
"┌ Flightdeck ──────────────────────────────────────────────────────────────────────────────────────────────────────────────────────────────────────────────────────────────────────────────────────────┐"
"│ Flightdeck   session demo-terminated  ·  Master codex at /repo/demo  ·  daemon: file-mode  ·  uptime 4h10m  ·  Adhoc 1 · Issue 0 · Workflow 0  ·  stale-warn 3m  ✔ session complete  moon ▾          │"
"└──────────────────────────────────────────────────────────────────────────────────────────────────────────────────────────────────────────────────────────────────────────────────────────────────────┘"
"┌ tabs ────────────────────────────────────────────────────────────────────────────────────────────────────────────────────────────────────────────────────────────────────────────────────────────────┐"
"│ Overview │ Live feed │ Conversations │ Decisions │ Daemon                                                                                                                                            │"
"└──────────────────────────────────────────────────────────────────────────────────────────────────────────────────────────────────────────────────────────────────────────────────────────────────────┘"
"┌ left rail ───────────────┐┌ sessions (1 tracked) ────────────────────────────────────────────────────────────────────────────────────────────────────────┐┌ detail ──────────────────────────────────┐"
"│Status                    ││Kind    State            Harness    Title                     PR/worktree               Age      Decision         Activity    ││Summarize completed run                   │"
"│▸ Completed          1    ││AH      Completed        claude     Summarize completed run   —                         40m      terminal-state-r 3m          ││adhoc-summary  ·  Adhoc  ·  Completed     │"
"│                          ││                                                                                                                              ││                                          │"
"│Merge queue               ││                                                                                                                              ││Where                                     │"
"│empty                     ││                                                                                                                              ││pane    %31                               │"
"│                          ││                                                                                                                              ││cwd     /repo/demo                        │"
"│Conflicts                 ││                                                                                                                              ││                                          │"
"│no edges                  ││                                                                                                                              ││Recent decisions                          │"
"│                          ││                                                                                                                              ││• terminal-state-reached → complete       │"
"│                          ││                                                                                                                              ││Click any decision for full text          │"
"│                          ││                                                                                                                              ││                                          │"
"│                          ││                                                                                                                              ││                                          │"
"│                          ││                                                                                                                              ││                                          │"
"│                          ││                                                                                                                              ││                                          │"
"│                          ││                                                                                                                              ││                                          │"
"│                          ││                                                                                                                              ││                                          │"
"│                          ││                                                                                                                              ││                                          │"
"│                          ││                                                                                                                              ││                                          │"
"│                          ││                                                                                                                              ││                                          │"
"│                          ││                                                                                                                              ││                                          │"
"│                          ││                                                                                                                              ││                                          │"
"│                          ││                                                                                                                              ││                                          │"
"│                          ││                                                                                                                              ││                                          │"
"│                          ││                                                                                                                              ││                                          │"
"│                          ││                                                                                                                              ││                                          │"
"│                          ││                                                                                                                              ││                                          │"
"│                          ││                                                                                                                              ││                                          │"
"│                          ││                                                                                                                              ││                                          │"
"│                          ││                                                                                                                              ││                                          │"
"│                          ││                                                                                                                              ││                                          │"
"│                          ││                                                                                                                              ││                                          │"
"│                          ││                                                                                                                              ││                                          │"
"│                          ││                                                                                                                              ││                                          │"
"│                          ││                                                                                                                              ││                                          │"
"│                          ││                                                                                                                              ││                                          │"
"│                          ││                                                                                                                              ││                                          │"
"│                          ││                                                                                                                              ││                                          │"
"│                          ││                                                                                                                              ││                                          │"
"│                          ││                                                                                                                              ││                                          │"
"│                          ││                                                                                                                              ││                                          │"
"│                          ││                                                                                                                              ││                                          │"
"│                          ││                                                                                                                              ││                                          │"
"│                          ││                                                                                                                              ││                                          │"
"│                          ││                                                                                                                              ││                                          │"
"│                          ││                                                                                                                              ││                                          │"
"│                          ││                                                                                                                              ││                                          │"
"│                          ││                                                                                                                              ││                                          │"
"│                          ││                                                                                                                              ││                                          │"
"│                          ││                                                                                                                              ││                                          │"
"│                          ││                                                                                                                              ││                                          │"
"└──────────────────────────┘└──────────────────────────────────────────────────────────────────────────────────────────────────────────────────────────────┘└──────────────────────────────────────────┘"
" ↹ tabs   j/k or ↑/↓ select   ⏎ detail   / filter   ⇧M compact   ? help   q quit                                                                                           noise: hidden  ·  filter: off"
"                                                                                                                                                                                                        "
