---
source: tests/snapshot_overview.rs
expression: rendered
---
"┌ Flightdeck ──────────────────────────────────────────────────────────────────────────────────────────────────────────────────────────────┐"
"│ Flightdeck   session demo-mixed  ·  Master pi at /repo/demo  ·  daemon: file-mode  ·  uptime 2h25m  ·  Adhoc 1 · Issue 1 · Workflow 1  · │"
"└──────────────────────────────────────────────────────────────────────────────────────────────────────────────────────────────────────────┘"
"┌ tabs ────────────────────────────────────────────────────────────────────────────────────────────────────────────────────────────────────┐"
"│ Overview │ Live feed │ Conversations │ Conflicts & merges (issue mode) │ Decisions │ Daemon                                              │"
"└──────────────────────────────────────────────────────────────────────────────────────────────────────────────────────────────────────────┘"
"┌ left rail ───────────────┐┌ sessions (3 tracked) ────────────────────────────────────────────┐┌ detail ──────────────────────────────────┐"
"│Status                    ││Kind    State            Harness      Age      Decisi Activity    ││Fix dashboard state reader                │"
"│▸ Needs input        1    ││ISS     Needs input      opencode     1h35m    cleanu 4m          ││VST-101  ·  Issue  ·  Needs input         │"
"│Submitting         1      ││WF      Submitting       codex        58m      bash-p 4m          ││substate: cleanup prompt                  │"
"│Running            1      ││AH      Running          pi           2h10m    —      4m          ││                                          │"
"│                          ││                                                                  ││Where                                     │"
"│Merge queue               ││                                                                  ││pane    %41                               │"
"│1. VST-101  Needs input   ││                                                                  ││worktree                                  │"
"│2. VST-102  queued        ││                                                                  ││/repo/worktrees/vst-101                   │"
"│                          ││                                                                  ││cwd     /repo/worktrees/vst-101           │"
"│Conflicts                 ││                                                                  ││                                          │"
"│• VST-101 ↔ VST-102       ││                                                                  ││Issue                                     │"
"│                          ││                                                                  ││PR #44                                    │"
"│                          ││                                                                  ││scope declared=5 actual=7 (1.4x bigger    │"
"│                          ││                                                                  ││than declared)                            │"
"│                          ││                                                                  ││                                          │"
"│                          ││                                                                  ││Recent decisions                          │"
"│                          ││                                                                  ││• cleanup-prompt → NO — sibling worktree  │"
"│                          ││                                                                  ││still live                                │"
"│                          ││                                                                  ││Click any decision for full text          │"
"│                          ││                                                                  ││                                          │"
"│                          ││                                                                  ││                                          │"
"│                          ││                                                                  ││                                          │"
"│                          ││                                                                  ││                                          │"
"│                          ││                                                                  ││                                          │"
"│                          ││                                                                  ││                                          │"
"│                          ││                                                                  ││                                          │"
"│                          ││                                                                  ││                                          │"
"│                          ││                                                                  ││                                          │"
"│                          ││                                                                  ││                                          │"
"│                          ││                                                                  ││                                          │"
"│                          ││                                                                  ││                                          │"
"│                          ││                                                                  ││                                          │"
"│                          ││                                                                  ││                                          │"
"│                          ││                                                                  ││                                          │"
"│                          ││                                                                  ││                                          │"
"│                          ││                                                                  ││                                          │"
"│                          ││                                                                  ││                                          │"
"│                          ││                                                                  ││                                          │"
"│                          ││                                                                  ││                                          │"
"│                          ││                                                                  ││                                          │"
"│                          ││                                                                  ││                                          │"
"│                          ││                                                                  ││                                          │"
"│                          ││                                                                  ││                                          │"
"│                          ││                                                                  ││                                          │"
"│                          ││                                                                  ││                                          │"
"│                          ││                                                                  ││                                          │"
"│                          ││                                                                  ││                                          │"
"│                          ││                                                                  ││                                          │"
"│                          ││                                                                  ││                                          │"
"│                          ││                                                                  ││                                          │"
"└──────────────────────────┘└──────────────────────────────────────────────────────────────────┘└──────────────────────────────────────────┘"
" ↹ tabs   j/k or ↑/↓ select   ⏎ detail   / filter   ⇧M compact   ? help   q quit                               noise: hidden  ·  filter: off"
"                                                                                                                                            "
