---
source: tests/snapshot_tabs.rs
expression: rendered
---
"┌ Flightdeck ──────────────────────────────────────────────────────────────────────────────────────────────────────────────────────────────────────────────────────────────────────────────────────────┐"
"│ Flightdeck  session demo-mixed  owner pi · %25 · /repo/demo  daemon: file-mode  elapsed 2h25m  AH:1 ISS:1 WF:1  P:1 S:1 W:1   stale-warn 4m                                                          │"
"└──────────────────────────────────────────────────────────────────────────────────────────────────────────────────────────────────────────────────────────────────────────────────────────────────────┘"
"┌ tabs ────────────────────────────────────────────────────────────────────────────────────────────────────────────────────────────────────────────────────────────────────────────────────────────────┐"
"│ Overview │ Live feed │ Conversations │ Conflicts & merges (issue mode) │ Decisions │ Daemon                                                                                                          │"
"└──────────────────────────────────────────────────────────────────────────────────────────────────────────────────────────────────────────────────────────────────────────────────────────────────────┘"
"┌ activity feed · 2 rows · noise hidden ───────────────────────────────────────────────────────────────────────────────────────────────────────────────────────────────────────────────────────────────┐"
"│Time     Source    !  Message                                                                                                                                                                         │"
"│—        NOISE     ·  2 heartbeat/noise events folded · press Ctrl+N to show.                                                                                                                         │"
"│03:09:50 WAKE      •  wake delivered to master                                                                                                                                                        │"
"│                                                                                                                                                                                                      │"
"│                                                                                                                                                                                                      │"
"│                                                                                                                                                                                                      │"
"│                                                                                                                                                                                                      │"
"│                                                                                                                                                                                                      │"
"│                                                                                                                                                                                                      │"
"│                                                                                                                                                                                                      │"
"│                                                                                                                                                                                                      │"
"│                                                                                                                                                                                                      │"
"│                                                                                                                                                                                                      │"
"│                                                                                                                                                                                                      │"
"│                                                                                                                                                                                                      │"
"│                                                                                                                                                                                                      │"
"│                                                                                                                                                                                                      │"
"│                                                                                                                                                                                                      │"
"│                                                                                                                                                                                                      │"
"│                                                                                                                                                                                                      │"
"│                                                                                                                                                                                                      │"
"│                                                                                                                                                                                                      │"
"│                                                                                                                                                                                                      │"
"│                                                                                                                                                                                                      │"
"│                                                                                                                                                                                                      │"
"│                                                                                                                                                                                                      │"
"│                                                                                                                                                                                                      │"
"│                                                                                                                                                                                                      │"
"│                                                                                                                                                                                                      │"
"│                                                                                                                                                                                                      │"
"│                                                                                                                                                                                                      │"
"│                                                                                                                                                                                                      │"
"│                                                                                                                                                                                                      │"
"│                                                                                                                                                                                                      │"
"│                                                                                                                                                                                                      │"
"│                                                                                                                                                                                                      │"
"│                                                                                                                                                                                                      │"
"│                                                                                                                                                                                                      │"
"│                                                                                                                                                                                                      │"
"│                                                                                                                                                                                                      │"
"│                                                                                                                                                                                                      │"
"│                                                                                                                                                                                                      │"
"│                                                                                                                                                                                                      │"
"│                                                                                                                                                                                                      │"
"│                                                                                                                                                                                                      │"
"│                                                                                                                                                                                                      │"
"│                                                                                                                                                                                                      │"
"│                                                                                                                                                                                                      │"
"│                                                                                                                                                                                                      │"
"│                                                                                                                                                                                                      │"
"└──────────────────────────────────────────────────────────────────────────────────────────────────────────────────────────────────────────────────────────────────────────────────────────────────────┘"
" Tab/Shift+Tab tabs  j/k select  r reload  Ctrl+N noise: hidden  / filter:off  Alt+M compact  ? help  q quit                                                                                            "
"                                                                                                                                                                                                        "
