---
source: tests/snapshot_overview.rs
expression: rendered
---
"┌ Flightdeck ──────────────────────────────────────────────┐"
"│ Flightdeck   session demo-mixed  ·  Master pi     moon ▾ │"
"└──────────────────────────────────────────────────────────┘"
"┌ tabs ────────────────────────────────────────────────────┐"
"│ Ov │ Act │ Conv │ Merg │ Dec │ Cost │ Daem               │"
"└──────────────────────────────────────────────────────────┘"
"┌ sessions (3 tracked) ────────────────────────────────────┐"
"│Session demo-mixed  ·  AH:1  ISS:1  WF:1  ·  2h25m        │"
"│                                                          │"
"│› VST-101               Needs input  opencode Fix         │"
"│dashboard state reader              PR #44                │"
"│dashboard-rust        Submitting   codex    Build Rust    │"
"│dashboard                                                 │"
"│adhoc-logs            Running      pi       Watch daemon  │"
"│logs                                                      │"
"│                                                          │"
"│                                                          │"
"│                                                          │"
"│                                                          │"
"│                                                          │"
"│                                                          │"
"│                                                          │"
"│                                                          │"
"│                                                          │"
"│                                                          │"
"│                                                          │"
"│                                                          │"
"│                                                          │"
"│                                                          │"
"│                                                          │"
"│                                                          │"
"│                                                          │"
"│                                                          │"
"│                                                          │"
"│                                                          │"
"│                                                          │"
"│                                                          │"
"│                                                          │"
"│                                                          │"
"│                                                          │"
"│                                                          │"
"│                                                          │"
"│                                                          │"
"│                                                          │"
"│                                                          │"
"│                                                          │"
"│                                                          │"
"│                                                          │"
"│                                                          │"
"│                                                          │"
"│                                                          │"
"│                                                          │"
"│                                                          │"
"│                                                          │"
"│                                                          │"
"│                                                          │"
"│                                                          │"
"└──────────────────────────────────────────────────────────┘"
" ↹ tabs   j/k or ↑/↓ select   ⏎ detail   f filters   n noise"
"                                                            "
